========================================
  IITDH Attendance System Starting...
  Sat 28 Mar 19:31:10 IST 2026
========================================
✅ Virtual environment activated
✅ Python: /home/bio_user_iitdh/new_env/bin/python3
Hardware Setup Error: Failed to read data from sensor
⚠️  Main script exited with code: 1  (Sat 28 Mar 19:31:12 IST 2026)
========================================
  IITDH Attendance System Starting...
  Sat 28 Mar 19:33:54 IST 2026
========================================
✅ Virtual environment activated
✅ Python: /home/bio_user_iitdh/new_env/bin/python3
Hardware Setup Error: Failed to read data from sensor
⚠️  Main script exited with code: 1  (Sat 28 Mar 19:33:56 IST 2026)
========================================
  IITDH Attendance System Starting...
  Sat 28 Mar 20:45:18 IST 2026
========================================
✅ Virtual environment activated
✅ Python: /home/bio_user_iitdh/new_env/bin/python3
  File "/home/bio_user_iitdh/new_env/01marchrunningcode.py", line 330
    ```
    ^
SyntaxError: invalid syntax
⚠️  Main script exited with code: 1  (Sat 28 Mar 20:45:18 IST 2026)
========================================
  IITDH Attendance System Starting...
  Sat 28 Mar 20:46:28 IST 2026
========================================
✅ Virtual environment activated
✅ Python: /home/bio_user_iitdh/new_env/bin/python3
  File "/home/bio_user_iitdh/new_env/01marchrunningcode.py", line 330
    ```
    ^
SyntaxError: invalid syntax
⚠️  Main script exited with code: 1  (Sat 28 Mar 20:46:28 IST 2026)
========================================
  IITDH Attendance System Starting...
  Sat 28 Mar 22:30:31 IST 2026
========================================
✅ Virtual environment activated
✅ Python: /home/bio_user_iitdh/new_env/bin/python3
  File "/home/bio_user_iitdh/new_env/01marchrunningcode.py", line 330
    ```
    ^
SyntaxError: invalid syntax
⚠️  Main script exited with code: 1  (Sat 28 Mar 22:30:32 IST 2026)
========================================
  IITDH Attendance System Starting...
  Sun 29 Mar 00:36:21 IST 2026
========================================
✅ Virtual environment activated
✅ Python: /home/bio_user_iitdh/new_env/bin/python3
[ExitHandler] Running — type the keyword to trigger secure exit
Hardware Setup Error: [Errno 121] Remote I/O error
⚠️  Main script exited with code: 1  (Sun 29 Mar 00:36:22 IST 2026)
========================================
  IITDH Attendance System Starting...
  Sun 29 Mar 14:04:32 IST 2026
========================================
✅ Virtual environment activated
✅ Python: /home/bio_user_iitdh/new_env/bin/python3
[ExitHandler] Running — type the keyword to trigger secure exit
Hardware Setup Error: [Errno 121] Remote I/O error
⚠️  Main script exited with code: 1  (Sun 29 Mar 14:04:33 IST 2026)
========================================
  IITDH Attendance System Starting...
  Sun 29 Mar 15:06:55 IST 2026
========================================
✅ Virtual environment activated
✅ Python: /home/bio_user_iitdh/new_env/bin/python3
[ExitHandler] Running — type the keyword to trigger secure exit
Hardware Setup Error: [Errno 121] Remote I/O error
⚠️  Main script exited with code: 1  (Sun 29 Mar 15:06:55 IST 2026)
========================================
  IITDH Attendance System Starting...
  Sun 29 Mar 15:15:00 IST 2026
========================================
✅ Virtual environment activated
✅ Python: /home/bio_user_iitdh/new_env/bin/python3
[ExitHandler] Running — type the keyword to trigger secure exit
Hardware Setup Error: [Errno 121] Remote I/O error
⚠️  Main script exited with code: 1  (Sun 29 Mar 15:15:01 IST 2026)
========================================
  IITDH Attendance System Starting...
  Sun 29 Mar 15:15:35 IST 2026
========================================
✅ Virtual environment activated
✅ Python: /home/bio_user_iitdh/new_env/bin/python3
[ExitHandler] Running — type the keyword to trigger secure exit
Hardware Setup Error: [Errno 121] Remote I/O error
⚠️  Main script exited with code: 1  (Sun 29 Mar 15:15:35 IST 2026)
========================================
  IITDH Attendance System Starting...
  Sun 29 Mar 15:16:10 IST 2026
========================================
✅ Virtual environment activated
✅ Python: /home/bio_user_iitdh/new_env/bin/python3
[ExitHandler] Running — type the keyword to trigger secure exit
Hardware Setup Error: [Errno 121] Remote I/O error
⚠️  Main script exited with code: 1  (Sun 29 Mar 15:16:11 IST 2026)
========================================
  IITDH Attendance System Starting...
  Sun 29 Mar 15:17:11 IST 2026
========================================
✅ Virtual environment activated
✅ Python: /home/bio_user_iitdh/new_env/bin/python3
[ExitHandler] Running — type the keyword to trigger secure exit
Hardware Setup Error: [Errno 121] Remote I/O error
⚠️  Main script exited with code: 1  (Sun 29 Mar 15:17:12 IST 2026)
========================================
  IITDH Attendance System Starting...
  Sun 29 Mar 15:18:24 IST 2026
========================================
✅ Virtual environment activated
✅ Python: /home/bio_user_iitdh/new_env/bin/python3
[ExitHandler] Running — type the keyword to trigger secure exit
Hardware Setup Error: [Errno 121] Remote I/O error
⚠️  Main script exited with code: 1  (Sun 29 Mar 15:18:25 IST 2026)
========================================
  IITDH Attendance System Starting...
  Sun 29 Mar 15:24:52 IST 2026
========================================
✅ Virtual environment activated
✅ Python: /home/bio_user_iitdh/new_env/bin/python3
========================================
  IITDH Attendance System Starting...
  Sun 29 Mar 15:34:17 IST 2026
========================================
✅ Virtual environment activated
✅ Python: /home/bio_user_iitdh/new_env/bin/python3
========================================
  IITDH Attendance System Starting...
  Sun 29 Mar 15:33:54 IST 2026
========================================
✅ Virtual environment activated
✅ Python: /home/bio_user_iitdh/new_env/bin/python3
========================================
  IITDH Attendance System Starting...
  Sun 29 Mar 15:45:47 IST 2026
========================================
✅ Virtual environment activated
✅ Python: /home/bio_user_iitdh/new_env/bin/python3
========================================
  IITDH Attendance System Starting...
  Sun 29 Mar 16:00:38 IST 2026
========================================
✅ Virtual environment activated
✅ Python: /home/bio_user_iitdh/new_env/bin/python3
========================================
  IITDH Attendance System Starting...
  Sun 29 Mar 16:01:29 IST 2026
========================================
✅ Virtual environment activated
✅ Python: /home/bio_user_iitdh/new_env/bin/python3
========================================
  IITDH Attendance System Starting...
  Sun 29 Mar 16:11:50 IST 2026
========================================
✅ Virtual environment activated
✅ Python: /home/bio_user_iitdh/new_env/bin/python3
========================================
  IITDH Attendance System Starting...
  Sun 29 Mar 16:12:35 IST 2026
========================================
✅ Virtual environment activated
✅ Python: /home/bio_user_iitdh/new_env/bin/python3
========================================
  IITDH Attendance System Starting...
  Sun 29 Mar 16:13:21 IST 2026
========================================
✅ Virtual environment activated
✅ Python: /home/bio_user_iitdh/new_env/bin/python3
========================================
  IITDH Attendance System Starting...
  Sun 29 Mar 16:13:55 IST 2026
========================================
✅ Virtual environment activated
✅ Python: /home/bio_user_iitdh/new_env/bin/python3
========================================
  IITDH Attendance System Starting...
  Sun 29 Mar 16:18:42 IST 2026
========================================
✅ Virtual environment activated
✅ Python: /home/bio_user_iitdh/new_env/bin/python3
========================================
  IITDH Attendance System Starting...
  Sun 29 Mar 16:19:47 IST 2026
========================================
✅ Virtual environment activated
✅ Python: /home/bio_user_iitdh/new_env/bin/python3
========================================
  IITDH Attendance System Starting...
  Sun 29 Mar 17:47:59 IST 2026
========================================
✅ Virtual environment activated
✅ Python: /home/bio_user_iitdh/new_env/bin/python3
========================================
  IITDH Attendance System Starting...
  Sun 29 Mar 19:32:58 IST 2026
========================================
✅ Virtual environment activated
✅ Python: /home/bio_user_iitdh/new_env/bin/python3
[ExitHandler] Running — type the keyword to trigger secure exit
✅ I2C Keyboard detected at 0x20
✅ Hardware initialized (attempt 1)
[Screensaver] Activated
[Screensaver] Deactivated
========================================
  IITDH Attendance System Starting...
  Sun 29 Mar 19:34:57 IST 2026
========================================
✅ Virtual environment activated
✅ Python: /home/bio_user_iitdh/new_env/bin/python3
========================================
  IITDH Attendance System Starting...
  Sun 29 Mar 22:05:13 IST 2026
========================================
✅ Virtual environment activated
✅ Python: /home/bio_user_iitdh/new_env/bin/python3
========================================
  IITDH Attendance System Starting...
  Sun 29 Mar 22:05:29 IST 2026
========================================
✅ Virtual environment activated
✅ Python: /home/bio_user_iitdh/new_env/bin/python3
[ExitHandler] Running — type the keyword to trigger secure exit
✅ I2C Keyboard detected at 0x20
✅ Hardware initialized (attempt 1)
[Screensaver] Activated
[Screensaver] Deactivated
========================================
  IITDH Attendance System Starting...
  Sun 29 Mar 22:07:17 IST 2026
========================================
✅ Virtual environment activated
✅ Python: /home/bio_user_iitdh/new_env/bin/python3
[ExitHandler] Running — type the keyword to trigger secure exit
✅ I2C Keyboard detected at 0x20
✅ Hardware initialized (attempt 1)
[Screensaver] Activated
[Screensaver] Deactivated
[Screensaver] Activated
[Screensaver] Deactivated
========================================
  IITDH Attendance System Starting...
  Sun 29 Mar 22:43:59 IST 2026
========================================
✅ Virtual environment activated
✅ Python: /home/bio_user_iitdh/new_env/bin/python3
[ExitHandler] Running — type the keyword to trigger secure exit
✅ I2C Keyboard detected at 0x20
✅ Hardware initialized (attempt 1)

--- Professor Authorization Required ---

--- Interactive Student Registration ---

--- Starting 4-Scan Fingerprint Registration ---

--- Professor Authorization Required ---
========================================
  IITDH Attendance System Starting...
  Sun 29 Mar 22:53:28 IST 2026
========================================
✅ Virtual environment activated
✅ Python: /home/bio_user_iitdh/new_env/bin/python3
========================================
  IITDH Attendance System Starting...
  Mon 30 Mar 09:39:05 IST 2026
========================================
✅ Virtual environment activated
✅ Python: /home/bio_user_iitdh/new_env/bin/python3
========================================
  IITDH Attendance System Starting...
  Mon 30 Mar 11:12:55 IST 2026
========================================
✅ Virtual environment activated
✅ Python: /home/bio_user_iitdh/new_env/bin/python3
========================================
  IITDH Attendance System Starting...
  Mon 30 Mar 11:13:39 IST 2026
========================================
✅ Virtual environment activated
✅ Python: /home/bio_user_iitdh/new_env/bin/python3
========================================
  IITDH Attendance System Starting...
  Mon 30 Mar 12:13:11 IST 2026
========================================
✅ Virtual environment activated
✅ Python: /home/bio_user_iitdh/new_env/bin/python3
Traceback (most recent call last):
  File "/home/bio_user_iitdh/new_env/01marchrunningcode.py", line 174, in <module>
    classroom_session(prof)
    ~~~~~~~~~~~~~~~~~^^^^^^
  File "/home/bio_user_iitdh/new_env/modules/attendance.py", line 42, in classroom_session
    selected_course = hw.select_from_menu("SELECT COURSE", course_options)
  File "/home/bio_user_iitdh/new_env/modules/hardware.py", line 136, in select_from_menu
    btn = wait_for_button()
  File "/home/bio_user_iitdh/new_env/modules/hardware.py", line 109, in wait_for_button
    raise BackToMainMenu()
modules.config.BackToMainMenu
[ExitHandler] Running — type the keyword to trigger secure exit
✅ I2C Keyboard detected
✅ Hardware ready (attempt 1)

--- Professor Authorization Required ---

--- Interactive Student Registration ---
❌ Enrollment error: 

--- Professor Authorization Required ---

❌ Critical Error: 
⚠️  Main script exited with code: 0  (Mon 30 Mar 12:13:43 IST 2026)
========================================
  IITDH Attendance System Starting...
  Mon 30 Mar 12:15:17 IST 2026
========================================
✅ Virtual environment activated
✅ Python: /home/bio_user_iitdh/new_env/bin/python3
Traceback (most recent call last):
  File "/home/bio_user_iitdh/new_env/01marchrunningcode.py", line 187, in <module>
    manage_courses()
    ~~~~~~~~~~~~~~^^
  File "/home/bio_user_iitdh/new_env/modules/courses.py", line 220, in manage_courses
    btn = hw.wait_for_button()
  File "/home/bio_user_iitdh/new_env/modules/hardware.py", line 109, in wait_for_button
    raise BackToMainMenu()
modules.config.BackToMainMenu
[ExitHandler] Running — type the keyword to trigger secure exit
✅ I2C Keyboard detected
✅ Hardware ready (attempt 1)

--- Professor Authorization Required ---

❌ Critical Error: 
⚠️  Main script exited with code: 0  (Mon 30 Mar 12:15:45 IST 2026)
========================================
  IITDH Attendance System Starting...
  Mon 30 Mar 12:17:57 IST 2026
========================================
✅ Virtual environment activated
✅ Python: /home/bio_user_iitdh/new_env/bin/python3
========================================
  IITDH Attendance System Starting...
  Mon 30 Mar 12:22:10 IST 2026
========================================
✅ Virtual environment activated
✅ Python: /home/bio_user_iitdh/new_env/bin/python3
========================================
  IITDH Attendance System Starting...
  Mon 30 Mar 12:22:23 IST 2026
========================================
✅ Virtual environment activated
✅ Python: /home/bio_user_iitdh/new_env/bin/python3
========================================
  IITDH Attendance System Starting...
  Mon 30 Mar 12:23:25 IST 2026
========================================
✅ Virtual environment activated
✅ Python: /home/bio_user_iitdh/new_env/bin/python3
[ExitHandler] Running — type the keyword to trigger secure exit
✅ I2C Keyboard detected
✅ Hardware ready (attempt 1)

--- Professor Authorization Required ---

--- Interactive Student Registration ---
========================================
  IITDH Attendance System Starting...
  Mon 30 Mar 12:25:03 IST 2026
========================================
✅ Virtual environment activated
✅ Python: /home/bio_user_iitdh/new_env/bin/python3
[ExitHandler] Running — type the keyword to trigger secure exit
✅ I2C Keyboard detected
✅ Hardware ready (attempt 1)

--- Professor Authorization Required ---

======================================================================
  IITDH ATTENDANCE SYSTEM - FULL CLOUD SYNC
======================================================================

📋 Syncing Departments...
  ✓ CS: Computer Science
  ✓ EE: Electrical Engineering
  ✓ MC: Math & Computing
  ✓ ME: Mechanical Engineering
  ✓ CH: Chemical Engineering
  ✓ CE: Civil Engineering
✅ Departments: 6/6 synced

📋 Syncing Programs...
  ✓ BT: B.Tech
  ✓ IS: BSMS
  ✓ MT: M.Tech
✅ Programs: 3/3 synced

👨‍🏫 Syncing Professors...
  ✓ PROF002: Soumya Lt | ✓ (768 bytes)
  ✓ P1: SoumyaRT | ✓ (768 bytes)
  ✓ PROF005: Piyush L1 | ✓ (768 bytes)
  ✓ PROF009: Piyush Singh | ✓ (768 bytes)
  ✓ PR003: Power | ✓ (768 bytes)
✅ Professors: 5/5 synced (skipped: 0)

👨‍🎓 Syncing Students...
  ✓ EE23BT002: Sruthi Rindex (EE/BT) | ✓ (768 bytes)
  ✓ EE24BT056: Piyush Rindex (EE/BT) | ✓ (768 bytes)
  ✓ MC23BT003: SS Ring4L (MC/BT) | ✓ (768 bytes)
  ✓ EE27BT002: Sruthi L4 (EE/BT) | ✓ (768 bytes)
  ✓ CH37BT078: Piyush R2 (CH/BT) | ✓ (768 bytes)
  ✓ ME23IS067: HGJCGG KLFJHFK (ME/IS) | ✓ (768 bytes)
  ✓ EE25BT100: Jyothika Sruthi (EE/BT) | ✓ (2048 bytes)
  ✓ ME23BT004: himank b (ME/BT) | ✓ (768 bytes)
  ✓ EE99BT123: Abhi k (EE/BT) | ✓ (768 bytes)
✅ Students: 9/9 synced (skipped: 0)

📚 Syncing Courses...
  ✓ EE101: Introduction To Electonics
  ✓ EE201: Signals And System
  ✓ EE301L: Electronics Design Lab
  ✓ EE106: Check With P
✅ Courses: 4/4 synced

📝 Syncing Enrollments...
✅ Enrollments: 8/8 synced (skipped: 0)

📊 Syncing Attendance Records...
📤 Found 1 unsynced records
  ✓ 23: MC23BT003 | EE301L | 2026-03-30

✅ Attendance: 1 synced, 0 already existed, 0 failed

======================================================================
  SYNC COMPLETE
======================================================================

  Attendance synced  : 19
  Attendance pending : 0
  Attendance errors  : 0
💾 Local database connection closed
[Screensaver] Activated
[Screensaver] Deactivated
========================================
  IITDH Attendance System Starting...
  Thu  2 Apr 10:19:42 IST 2026
========================================
✅ Virtual environment activated
✅ Python: /home/bio_user_iitdh/new_env/bin/python3
[ExitHandler] Running — type the keyword to trigger secure exit
✅ I2C Keyboard detected
✅ Hardware ready (attempt 1)
[Screensaver] Activated
[Screensaver] Deactivated
[Screensaver] Activated
[Screensaver] Deactivated

--- Professor Authorization Required ---

======================================================================
  IITDH ATTENDANCE SYSTEM - FULL CLOUD SYNC
======================================================================

📋 Syncing Departments...
  ✓ CS: Computer Science
  ✓ EE: Electrical Engineering
  ✓ MC: Math & Computing
  ✓ ME: Mechanical Engineering
  ✓ CH: Chemical Engineering
  ✓ CE: Civil Engineering
✅ Departments: 6/6 synced

📋 Syncing Programs...
  ✓ BT: B.Tech
  ✓ IS: BSMS
  ✓ MT: M.Tech
✅ Programs: 3/3 synced

👨‍🏫 Syncing Professors...
  ✓ PROF002: Soumya Lt | ✓ (768 bytes)
  ✓ P1: SoumyaRT | ✓ (768 bytes)
  ✓ PROF005: Piyush L1 | ✓ (768 bytes)
  ✓ PROF009: Piyush Singh | ✓ (768 bytes)
  ✓ PR003: Power | ✓ (768 bytes)
✅ Professors: 5/5 synced (skipped: 0)

👨‍🎓 Syncing Students...
  ✓ EE23BT002: Sruthi Rindex (EE/BT) | ✓ (768 bytes)
  ✓ EE24BT056: Piyush Rindex (EE/BT) | ✓ (768 bytes)
  ✓ MC23BT003: SS Ring4L (MC/BT) | ✓ (768 bytes)
  ✓ EE27BT002: Sruthi L4 (EE/BT) | ✓ (768 bytes)
  ✓ CH37BT078: Piyush R2 (CH/BT) | ✓ (768 bytes)
  ✓ ME23IS067: HGJCGG KLFJHFK (ME/IS) | ✓ (768 bytes)
  ✓ EE25BT100: Jyothika Sruthi (EE/BT) | ✓ (2048 bytes)
  ✓ ME23BT004: himank b (ME/BT) | ✓ (768 bytes)
  ✓ EE99BT123: Abhi k (EE/BT) | ✓ (768 bytes)
✅ Students: 9/9 synced (skipped: 0)

📚 Syncing Courses...
  ✓ EE101: Introduction To Electonics
  ✓ EE201: Signals And System
  ✓ EE301L: Electronics Design Lab
  ✓ EE106: Check With P
✅ Courses: 4/4 synced

📝 Syncing Enrollments...
✅ Enrollments: 8/8 synced (skipped: 0)

📊 Syncing Attendance Records...
📤 Found 1 unsynced records
  ✓ 24: MC23BT003 | EE301L | 2026-04-02

✅ Attendance: 1 synced, 0 already existed, 0 failed

======================================================================
  SYNC COMPLETE
======================================================================

  Attendance synced  : 20
  Attendance pending : 0
  Attendance errors  : 0
💾 Local database connection closed

--- Professor Authorization Required ---

--- Interactive Student Registration ---

--- Professor Authorization Required ---

--- Professor Authorization Required ---
❌ Could not load creds: [Errno 2] No such file or directory: '/home/bio_user_iitdh/new_env/.sysaccess_creds'
========================================
  IITDH Attendance System Starting...
  Thu  2 Apr 14:17:24 IST 2026
========================================
✅ Virtual environment activated
✅ Python: /home/bio_user_iitdh/new_env/bin/python3
========================================
  IITDH Attendance System Starting...
  Thu  2 Apr 15:25:07 IST 2026
========================================
✅ Virtual environment activated
✅ Python: /home/bio_user_iitdh/new_env/bin/python3
/home/bio_user_iitdh/new_env/bin/python3: can't open file '/home/bio_user_iitdh/new_env/admin_console.py': [Errno 2] No such file or directory
/home/bio_user_iitdh/new_env/bin/python3: can't open file '/home/bio_user_iitdh/new_env/admin_console.py': [Errno 2] No such file or directory
/home/bio_user_iitdh/new_env/bin/python3: can't open file '/home/bio_user_iitdh/new_env/admin_console.py': [Errno 2] No such file or directory
/home/bio_user_iitdh/new_env/bin/python3: can't open file '/home/bio_user_iitdh/new_env/admin_console.py': [Errno 2] No such file or directory
/home/bio_user_iitdh/new_env/bin/python3: can't open file '/home/bio_user_iitdh/new_env/admin_console.py': [Errno 2] No such file or directory
/home/bio_user_iitdh/new_env/bin/python3: can't open file '/home/bio_user_iitdh/new_env/admin_console.py': [Errno 2] No such file or directory
/home/bio_user_iitdh/new_env/bin/python3: can't open file '/home/bio_user_iitdh/new_env/admin_console.py': [Errno 2] No such file or directory
========================================
  IITDH Attendance System Starting...
  Thu  2 Apr 15:33:43 IST 2026
========================================
✅ Virtual environment activated
✅ Python: /home/bio_user_iitdh/new_env/bin/python3
========================================
  IITDH Attendance System Starting...
  Thu  2 Apr 15:52:32 IST 2026
========================================
✅ Virtual environment activated
✅ Python: /home/bio_user_iitdh/new_env/bin/python3
[ExitHandler] Running — type the keyword to trigger secure exit
✅ I2C Keyboard detected
✅ Hardware ready (attempt 1)
[AutoSync] First sync in 60s...
[AutoSync] Background sync thread started

======================================================================
  IITDH BIOMETRIC ATTENDANCE — ADMIN CONSOLE
======================================================================

  1. Register Professor  (with fingerprint)
  2. Register Student    (with fingerprint)
  3. Add Course
  4. Enroll Student in Course
  5. Delete Student
  6. View All System Data
  7. Exit to Main Menu

  Select (1-7): Traceback (most recent call last):
  File "/home/bio_user_iitdh/new_env/01marchrunningcode.py", line 109, in launch_registration
    registration_menu()
    ~~~~~~~~~~~~~~~~~^^
  File "/home/bio_user_iitdh/new_env/modules/registration.py", line 685, in main_menu
    choice = input("\n  Select (1-7): ").strip()
             ~~~~~^^^^^^^^^^^^^^^^^^^^^^
EOFError: EOF when reading a line
========================================
  IITDH Attendance System Starting...
  Thu  2 Apr 15:55:54 IST 2026
========================================
✅ Virtual environment activated
✅ Python: /home/bio_user_iitdh/new_env/bin/python3
[ExitHandler] Running — type the keyword to trigger secure exit
✅ I2C Keyboard detected
✅ Hardware ready (attempt 1)
[AutoSync] First sync in 60s...
[AutoSync] Background sync thread started

======================================================================
  IITDH BIOMETRIC ATTENDANCE — ADMIN CONSOLE
======================================================================

  1. Register Professor  (with fingerprint)
  2. Register Student    (with fingerprint)
  3. Add Course
  4. Enroll Student in Course
  5. Delete Student
  6. View All System Data
  7. Exit to Main Menu

  Select (1-7): Traceback (most recent call last):
  File "/home/bio_user_iitdh/new_env/01marchrunningcode.py", line 109, in launch_registration
    registration_menu()
    ~~~~~~~~~~~~~~~~~^^
  File "/home/bio_user_iitdh/new_env/modules/registration.py", line 685, in main_menu
    choice = input("\n  Select (1-7): ").strip()
             ~~~~~^^^^^^^^^^^^^^^^^^^^^^
EOFError: EOF when reading a line
========================================
  IITDH Attendance System Starting...
========================================
  IITDH Attendance System Starting...
  Thu  2 Apr 16:29:25 IST 2026
========================================
✅ venv active: /home/bio_user_iitdh/new_env/bin/python3
[ExitHandler] Running — type the keyword to trigger secure exit
✅ I2C Keyboard detected
✅ Hardware ready (attempt 1)
[AutoSync] First sync in 60s...
[AutoSync] Background sync thread started
[Registration] Cannot open /dev/tty: [Errno 6] No such device or address: '/dev/tty'
[Registration] Cannot open /dev/tty: [Errno 6] No such device or address: '/dev/tty'
[AutoSync] Running scheduled attendance sync...

======================================================================
  ATTENDANCE QUICK SYNC
======================================================================

📊 Syncing Attendance Records...
☁️  All attendance records already synced!
[AutoSync] Next sync in 20 min
[Screensaver] Activated
[Screensaver] Deactivated
[Registration] Cannot open /dev/tty: [Errno 6] No such device or address: '/dev/tty'
[Screensaver] Activated
[Screensaver] Deactivated
[Registration] Cannot open /dev/tty: [Errno 6] No such device or address: '/dev/tty'
[Screensaver] Activated
[Screensaver] Deactivated
[Registration] Cannot open /dev/tty: [Errno 6] No such device or address: '/dev/tty'

--- Professor Authorization Required ---

--- Professor Authorization Required ---
[Registration] Cannot open /dev/tty: [Errno 6] No such device or address: '/dev/tty'
[Screensaver] Activated
[Screensaver] Deactivated

======================================================================
  ATTENDANCE QUICK SYNC
======================================================================

📊 Syncing Attendance Records...
☁️  All attendance records already synced!
========================================
  IITDH Attendance System Starting...
  Fri  3 Apr 14:37:56 IST 2026
========================================
✅ venv active: /home/bio_user_iitdh/new_env/bin/python3
[ExitHandler] Running — type the keyword to trigger secure exit
✅ I2C Keyboard detected
✅ Hardware ready (attempt 1)
[AutoSync] First sync in 60s...
[AutoSync] Background sync thread started
[Registration] Cannot open /dev/tty: [Errno 6] No such device or address: '/dev/tty'
[AutoSync] Running scheduled attendance sync...

======================================================================
  ATTENDANCE QUICK SYNC
======================================================================

📊 Syncing Attendance Records...
☁️  All attendance records already synced!
[AutoSync] Next sync in 20 min

--- Professor Authorization Required ---

--- Professor Authorization Required ---
[Screensaver] Activated
[Screensaver] Deactivated

======================================================================
  ATTENDANCE QUICK SYNC
======================================================================

📊 Syncing Attendance Records...
☁️  All attendance records already synced!
========================================
  IITDH Attendance System Starting...
  Mon  6 Apr 09:37:32 IST 2026
========================================
✅ venv active: /home/bio_user_iitdh/new_env/bin/python3
========================================
  IITDH Attendance System Starting...
  Mon  6 Apr 09:57:57 IST 2026
========================================
✅ venv active: /home/bio_user_iitdh/new_env/bin/python3
Traceback (most recent call last):
  File "/home/bio_user_iitdh/new_env/01marchrunningcode.py", line 41, in <module>
    from modules.registration import main_menu as registration_menu
  File "/home/bio_user_iitdh/new_env/modules/registration.py", line 30, in <module>
    from modules.reg_fingerprint import scan_fingerprint
ModuleNotFoundError: No module named 'modules.reg_fingerprint'
⚠️  Exited with code: 1  (Mon  6 Apr 09:57:58 IST 2026)
========================================
  IITDH Attendance System Starting...
  Mon  6 Apr 10:02:10 IST 2026
========================================
✅ venv active: /home/bio_user_iitdh/new_env/bin/python3
========================================
  IITDH Attendance System Starting...
  Mon  6 Apr 10:24:02 IST 2026
========================================
✅ venv active: /home/bio_user_iitdh/new_env/bin/python3
[ExitHandler] Running — type the keyword to trigger secure exit
✅ I2C Keyboard detected
✅ Hardware ready (attempt 1)
[AutoSync] First sync in 60s...
[AutoSync] Background sync thread started

--- Professor Authorization Required ---

--- Professor Authorization Required ---
[BackLock] D key DISABLED
[BackLock] D key enabled

--- Professor Authorization Required ---
[AutoSync] Running scheduled attendance sync...

======================================================================
  ATTENDANCE QUICK SYNC
======================================================================

📊 Syncing Attendance Records...
📤 Found 1 unsynced records
  ✓ 27: MC23BT003 | EE301L | 2026-04-06

✅ Attendance: 1 synced, 0 already existed, 0 failed
[AutoSync] Next sync in 20 min

--- Professor Authorization Required ---

======================================================================
  IITDH ATTENDANCE SYSTEM - FULL CLOUD SYNC
======================================================================

📋 Syncing Departments...
  ✓ CS: Computer Science
  ✓ EE: Electrical Engineering
  ✓ MC: Math & Computing
  ✓ ME: Mechanical Engineering
  ✓ CH: Chemical Engineering
  ✓ CE: Civil Engineering
✅ Departments: 6/6 synced

📋 Syncing Programs...
  ✓ BT: B.Tech
  ✓ IS: BSMS
  ✓ MT: M.Tech
✅ Programs: 3/3 synced

👨‍🏫 Syncing Professors...
  ✓ PROF002: Soumya Lt | ✓ (768 bytes)
  ✓ P1: SoumyaRT | ✓ (768 bytes)
  ✓ PROF005: Piyush L1 | ✓ (768 bytes)
  ✓ PROF009: Piyush Singh | ✓ (768 bytes)
  ✓ PR003: Power | ✓ (768 bytes)
✅ Professors: 5/5 synced (skipped: 0)

👨‍🎓 Syncing Students...
  ✓ EE23BT002: Sruthi Rindex (EE/BT) | ✓ (768 bytes)
  ✓ EE24BT056: Piyush Rindex (EE/BT) | ✓ (768 bytes)
  ✓ MC23BT003: SS Ring4L (MC/BT) | ✓ (768 bytes)
  ✓ EE27BT002: Sruthi L4 (EE/BT) | ✓ (768 bytes)
  ✓ CH37BT078: Piyush R2 (CH/BT) | ✓ (768 bytes)
  ✓ ME23IS067: HGJCGG KLFJHFK (ME/IS) | ✓ (768 bytes)
  ✓ EE25BT100: Jyothika Sruthi (EE/BT) | ✓ (2048 bytes)
  ✓ ME23BT004: himank b (ME/BT) | ✓ (768 bytes)
  ✓ EE99BT123: Abhi k (EE/BT) | ✓ (768 bytes)
✅ Students: 9/9 synced (skipped: 0)

📚 Syncing Courses...
  ✓ EE101: Introduction To Electonics
  ✓ EE201: Signals And System
  ✓ EE301L: Electronics Design Lab
  ✓ EE106: Check With P
✅ Courses: 4/4 synced

📝 Syncing Enrollments...
✅ Enrollments: 9/9 synced (skipped: 0)

📊 Syncing Attendance Records...
☁️  All attendance records already synced!

======================================================================
  SYNC COMPLETE
======================================================================

  Attendance synced  : 23
  Attendance pending : 0
  Attendance errors  : 0
💾 Local database connection closed
[Screensaver] Activated
[Screensaver] Deactivated
[Screensaver] Activated
[Screensaver] Deactivated

--- Professor Authorization Required ---
[Screensaver] Activated
[AutoSync] Running scheduled attendance sync...

======================================================================
  ATTENDANCE QUICK SYNC
======================================================================

📊 Syncing Attendance Records...
☁️  All attendance records already synced!
[AutoSync] Next sync in 20 min
[Screensaver] Deactivated
[Screensaver] Activated
[Screensaver] Deactivated

--- Professor Authorization Required ---

--- Fingerprint Registration (v2 Merge + Verify) ---

  SCAN 1/5: Place finger on sensor...
    Scan 1 captured → CharBuffer1

  SCAN 2/5: Remove then place finger...
    Scan 2 merged successfully

  SCAN 3/5: Remove then place finger...
    Scan 3 merged successfully

  SCAN 4/5: Remove then place finger...
    Scan 4 merged successfully

  SCAN 5/5: Remove then place finger...
    Scan 5 merged successfully

  All scans merged — CharBuffer1 has final template

  Storing template to temp slot for verification...
    Stored in slot 127

  Scan SAME finger again to verify quality...
    Self-match: slot 127, confidence 132/200
    Temp slot 127 cleaned up

──────────────────────────────────────────────────
  MERGE QUALITY REPORT
──────────────────────────────────────────────────
  Rejections : 0/4 (0%)
  Self-match : GOOD (132/200)
  Verdict    : GOOD — template healthy
──────────────────────────────────────────────────

  Downloading final template...
  Template: 768 bytes  confidence: 132/200
✅ Student registered: EE27BT033 — Hrsh Chh
✅ Enrolled: EE27BT033 in EE301L

--- Professor Authorization Required ---
[BackLock] D key DISABLED
[BackLock] D key enabled
[Screensaver] Activated
[Screensaver] Deactivated
[Screensaver] Activated
[AutoSync] Running scheduled attendance sync...

======================================================================
  ATTENDANCE QUICK SYNC
======================================================================

📊 Syncing Attendance Records...
📤 Found 1 unsynced records
  ✗ Attendance 28: {'message': 'insert or update on table "attendance" violates foreign key constraint "attendance_student_id_fkey"', 'code': '23503', 'hint': None, 'details': 'Key (student_id)=(EE27BT033) is not present in table "students".'}

✅ Attendance: 0 synced, 0 already existed, 1 failed
   ⚠️  1 records in error state (synced=-1)
   To retry: UPDATE attendance SET synced=0 WHERE synced=-1;
[AutoSync] Next sync in 20 min
[Screensaver] Deactivated

--- Professor Authorization Required ---
[BackLock] D key DISABLED
[BackLock] D key enabled
[Screensaver] Activated
[Screensaver] Deactivated

======================================================================
  IITDH ATTENDANCE SYSTEM - FULL CLOUD SYNC
======================================================================

📋 Syncing Departments...
  ✓ CS: Computer Science
  ✓ EE: Electrical Engineering
  ✓ MC: Math & Computing
  ✓ ME: Mechanical Engineering
  ✓ CH: Chemical Engineering
  ✓ CE: Civil Engineering
✅ Departments: 6/6 synced

📋 Syncing Programs...
  ✓ BT: B.Tech
  ✓ IS: BSMS
  ✓ MT: M.Tech
✅ Programs: 3/3 synced

👨‍🏫 Syncing Professors...
  ✓ PROF002: Soumya Lt | ✓ (768 bytes)
  ✓ P1: SoumyaRT | ✓ (768 bytes)
  ✓ PROF005: Piyush L1 | ✓ (768 bytes)
  ✓ PROF009: Piyush Singh | ✓ (768 bytes)
  ✓ PR003: Power | ✓ (768 bytes)
✅ Professors: 5/5 synced (skipped: 0)

👨‍🎓 Syncing Students...
  ✓ EE23BT002: Sruthi Rindex (EE/BT) | ✓ (768 bytes)
  ✓ EE24BT056: Piyush Rindex (EE/BT) | ✓ (768 bytes)
  ✓ MC23BT003: SS Ring4L (MC/BT) | ✓ (768 bytes)
  ✓ EE27BT002: Sruthi L4 (EE/BT) | ✓ (768 bytes)
  ✓ CH37BT078: Piyush R2 (CH/BT) | ✓ (768 bytes)
  ✓ ME23IS067: HGJCGG KLFJHFK (ME/IS) | ✓ (768 bytes)
  ✓ EE25BT100: Jyothika Sruthi (EE/BT) | ✓ (2048 bytes)
  ✓ ME23BT004: himank b (ME/BT) | ✓ (768 bytes)
  ✓ EE99BT123: Abhi k (EE/BT) | ✓ (768 bytes)
  ✓ EE27BT033: Hrsh Chh (EE/BT) | ✓ (768 bytes)
✅ Students: 10/10 synced (skipped: 0)

📚 Syncing Courses...
  ✓ EE101: Introduction To Electonics
  ✓ EE201: Signals And System
  ✓ EE301L: Electronics Design Lab
  ✓ EE106: Check With P
✅ Courses: 4/4 synced

📝 Syncing Enrollments...
✅ Enrollments: 10/10 synced (skipped: 0)

📊 Syncing Attendance Records...
📤 Found 1 unsynced records
  ✓ 29: EE23BT002 | EE301L | 2026-04-06

✅ Attendance: 1 synced, 0 already existed, 0 failed

======================================================================
  SYNC COMPLETE
======================================================================

  Attendance synced  : 24
  Attendance pending : 0
  Attendance errors  : 1
💾 Local database connection closed

======================================================================
  IITDH ATTENDANCE SYSTEM - FULL CLOUD SYNC
======================================================================

📋 Syncing Departments...========================================
  IITDH Attendance System Starting...
  Tue  7 Apr 17:22:36 IST 2026
========================================
✅ venv active: /home/bio_user_iitdh/new_env/bin/python3
[ExitHandler] Running — type the keyword to trigger secure exit
✅ I2C Keyboard detected
✅ Hardware ready (attempt 1)
[AutoSync] First sync in 60s...
[AutoSync] Background sync thread started
[Screensaver] Activated
[AutoSync] Running scheduled attendance sync...

======================================================================
  ATTENDANCE QUICK SYNC
======================================================================

📊 Syncing Attendance Records...
☁️  All attendance records already synced!
[AutoSync] Next sync in 20 min
[Screensaver] Deactivated

--- Professor Authorization Required ---
[BackLock] D key DISABLED
[BackLock] D key enabled
[Screensaver] Activated
[Screensaver] Deactivated

--- Professor Authorization Required ---
[BackLock] D key DISABLED
[BackLock] D key enabled

======================================================================
  IITDH ATTENDANCE SYSTEM - FULL CLOUD SYNC
======================================================================

📋 Syncing Departments...
  ✓ CS: Computer Science
  ✓ EE: Electrical Engineering
  ✓ MC: Math & Computing
  ✓ ME: Mechanical Engineering
  ✓ CH: Chemical Engineering
  ✓ CE: Civil Engineering
✅ Departments: 6/6 synced

📋 Syncing Programs...
  ✓ BT: B.Tech
  ✓ IS: BSMS
  ✓ MT: M.Tech
✅ Programs: 3/3 synced

👨‍🏫 Syncing Professors...
  ✓ PROF002: Soumya Lt | ✓ (768 bytes)
  ✓ P1: SoumyaRT | ✓ (768 bytes)
  ✓ PROF005: Piyush L1 | ✓ (768 bytes)
  ✓ PROF009: Piyush Singh | ✓ (768 bytes)
  ✓ PR003: Power | ✓ (768 bytes)
✅ Professors: 5/5 synced (skipped: 0)

👨‍🎓 Syncing Students...
  ✓ EE23BT002: Sruthi Rindex (EE/BT) | ✓ (768 bytes)
  ✓ EE24BT056: Piyush Rindex (EE/BT) | ✓ (768 bytes)
  ✓ MC23BT003: SS Ring4L (MC/BT) | ✓ (768 bytes)
  ✓ EE27BT002: Sruthi L4 (EE/BT) | ✓ (768 bytes)
  ✓ CH37BT078: Piyush R2 (CH/BT) | ✓ (768 bytes)
  ✓ ME23IS067: HGJCGG KLFJHFK (ME/IS) | ✓ (768 bytes)
  ✓ EE25BT100: Jyothika Sruthi (EE/BT) | ✓ (2048 bytes)
  ✓ ME23BT004: himank b (ME/BT) | ✓ (768 bytes)
  ✓ EE99BT123: Abhi k (EE/BT) | ✓ (768 bytes)
  ✓ EE27BT033: Hrsh Chh (EE/BT) | ✓ (768 bytes)
  ✓ EE23BT016: Shivam Singh (EE/BT) | ✓ (768 bytes)
✅ Students: 11/11 synced (skipped: 0)

📚 Syncing Courses...
  ✓ EE101: Introduction To Electonics
  ✓ EE201: Signals And System
  ✓ EE301L: Electronics Design Lab
  ✓ EE106: Check With P
✅ Courses: 4/4 synced

📝 Syncing Enrollments...
✅ Enrollments: 11/11 synced (skipped: 0)

📊 Syncing Attendance Records...
📤 Found 2 unsynced records
  ✓ 31: MC23BT003 | EE301L | 2026-04-07
  ✓ 32: EE23BT002 | EE101 | 2026-04-07

✅ Attendance: 2 synced, 0 already existed, 0 failed

======================================================================
  SYNC COMPLETE
======================================================================

  Attendance synced  : 28
  Attendance pending : 0
  Attendance errors  : 0
💾 Local database connection closed
[Screensaver] Activated
[AutoSync] Running scheduled attendance sync...

======================================================================
  ATTENDANCE QUICK SYNC
======================================================================

📊 Syncing Attendance Records...
☁️  All attendance records already synced!
[AutoSync] Next sync in 20 min
[Screensaver] Deactivated

--- Fingerprint Registration (v2 Merge + Verify) ---

  SCAN 1/5: Place finger on sensor...
    Timeout (attempt 1/6)
    Scan 1 captured → CharBuffer1

  SCAN 2/5: Remove then place finger...
    Merge rejected — similarity too low (attempt 1/6)
    Tip: press more firmly, centre finger on sensor

  SCAN 2/5: Remove then place finger...
    Scan 2 merged successfully

  SCAN 3/5: Remove then place finger...
    Scan 3 merged successfully

  SCAN 4/5: Remove then place finger...
    Scan 4 merged successfully

  SCAN 5/5: Remove then place finger...
    Scan 5 merged successfully

  All scans merged — CharBuffer1 has final template

  Storing template to temp slot for verification...
    Stored in slot 127

  Scan SAME finger again to verify quality...
    Self-match: slot 127, confidence 168/200
    Temp slot 127 cleaned up

──────────────────────────────────────────────────
  MERGE QUALITY REPORT
──────────────────────────────────────────────────
  Rejections : 1/5 (20%)
  Self-match : EXCELLENT (168/200)
  Verdict    : EXCELLENT — perfect merge
──────────────────────────────────────────────────

  Downloading final template...
  Template: 768 bytes  confidence: 168/200
✅ Prof registered: PROF010 — Nagveni

======================================================================
  IITDH ATTENDANCE SYSTEM - FULL CLOUD SYNC
======================================================================

📋 Syncing Departments...
  ✓ CS: Computer Science
  ✓ EE: Electrical Engineering
  ✓ MC: Math & Computing
  ✓ ME: Mechanical Engineering
  ✓ CH: Chemical Engineering
  ✓ CE: Civil Engineering
✅ Departments: 6/6 synced

📋 Syncing Programs...
  ✓ BT: B.Tech
  ✓ IS: BSMS
  ✓ MT: M.Tech
✅ Programs: 3/3 synced

👨‍🏫 Syncing Professors...
  ✓ PROF002: Soumya Lt | ✓ (768 bytes)
  ✓ P1: SoumyaRT | ✓ (768 bytes)
  ✓ PROF005: Piyush L1 | ✓ (768 bytes)
  ✓ PROF009: Piyush Singh | ✓ (768 bytes)
  ✓ PR003: Power | ✓ (768 bytes)
  ✓ PROF010: Nagveni | ✓ (768 bytes)
✅ Professors: 6/6 synced (skipped: 0)

👨‍🎓 Syncing Students...
  ✓ EE23BT002: Sruthi Rindex (EE/BT) | ✓ (768 bytes)
  ✓ EE24BT056: Piyush Rindex (EE/BT) | ✓ (768 bytes)
  ✓ MC23BT003: SS Ring4L (MC/BT) | ✓ (768 bytes)
  ✓ EE27BT002: Sruthi L4 (EE/BT) | ✓ (768 bytes)
  ✓ CH37BT078: Piyush R2 (CH/BT) | ✓ (768 bytes)
  ✓ ME23IS067: HGJCGG KLFJHFK (ME/IS) | ✓ (768 bytes)
  ✓ EE25BT100: Jyothika Sruthi (EE/BT) | ✓ (2048 bytes)
  ✓ ME23BT004: himank b (ME/BT) | ✓ (768 bytes)
  ✓ EE99BT123: Abhi k (EE/BT) | ✓ (768 bytes)
  ✓ EE27BT033: Hrsh Chh (EE/BT) | ✓ (768 bytes)
  ✓ EE23BT016: Shivam Singh (EE/BT) | ✓ (768 bytes)
✅ Students: 11/11 synced (skipped: 0)

📚 Syncing Courses...
  ✓ EE101: Introduction To Electonics
  ✓ EE201: Signals And System
  ✓ EE301L: Electronics Design Lab
  ✓ EE106: Check With P
✅ Courses: 4/4 synced

📝 Syncing Enrollments...
✅ Enrollments: 11/11 synced (skipped: 0)

📊 Syncing Attendance Records...
☁️  All attendance records already synced!

======================================================================
  SYNC COMPLETE
======================================================================

  Attendance synced  : 28
  Attendance pending : 0
  Attendance errors  : 0
💾 Local database connection closed
[Screensaver] Activated
[Screensaver] Deactivated
[Screensaver] Activated
[Screensaver] Deactivated
[Screensaver] Activated
[AutoSync] Running scheduled attendance sync...

======================================================================
  ATTENDANCE QUICK SYNC
======================================================================

📊 Syncing Attendance Records...
☁️  All attendance records already synced!
[AutoSync] Next sync in 20 min
[Screensaver] Deactivated

======================================================================
  ATTENDANCE QUICK SYNC
======================================================================

📊 Syncing Attendance Records...
☁️  All attendance records already synced!
========================================
  IITDH Attendance System Starting...
  Wed  8 Apr 10:38:22 IST 2026
========================================
✅ venv active: /home/bio_user_iitdh/new_env/bin/python3
========================================
  IITDH Attendance System Starting...
  Wed  8 Apr 11:29:37 IST 2026
========================================
✅ venv active: /home/bio_user_iitdh/new_env/bin/python3
========================================
  IITDH Attendance System Starting...
  Wed  8 Apr 11:57:44 IST 2026
========================================
✅ venv active: /home/bio_user_iitdh/new_env/bin/python3
[ExitHandler] Running — type the keyword to trigger secure exit
✅ I2C Keyboard detected
✅ Hardware ready (attempt 1)
[AutoSync] First sync in 60s...
[AutoSync] Background sync thread started

======================================================================
  ATTENDANCE QUICK SYNC
======================================================================

📊 Syncing Attendance Records...
☁️  All attendance records already synced!
========================================
  IITDH Attendance System Starting...
  Wed  8 Apr 11:59:19 IST 2026
========================================
✅ venv active: /home/bio_user_iitdh/new_env/bin/python3
[ExitHandler] Running — type the keyword to trigger secure exit
✅ I2C Keyboard detected
✅ Hardware ready (attempt 1)
[AutoSync] First sync in 60s...
[AutoSync] Background sync thread started

======================================================================
  ATTENDANCE QUICK SYNC
======================================================================

📊 Syncing Attendance Records...
☁️  All attendance records already synced!
========================================
  IITDH Attendance System Starting...
  Thu  9 Apr 14:04:16 IST 2026
========================================
✅ venv active: /home/bio_user_iitdh/new_env/bin/python3
========================================
  IITDH Attendance System Starting...
  Thu  9 Apr 17:33:54 IST 2026
========================================
✅ venv active: /home/bio_user_iitdh/new_env/bin/python3
[ExitHandler] Running — type the keyword to trigger secure exit
✅ I2C Keyboard detected
✅ Hardware ready (attempt 1)
[AutoSync] First sync in 60s...
[AutoSync] Background sync thread started

--- Professor Authorization Required ---
[BackLock] D key DISABLED
[BackLock] D key enabled
[AutoSync] Running scheduled attendance sync...

======================================================================
  ATTENDANCE QUICK SYNC
======================================================================

📊 Syncing Attendance Records...
📤 Found 1 unsynced records
  ✗ Attendance 33: [Errno -3] Temporary failure in name resolution

✅ Attendance: 0 synced, 0 already existed, 1 failed
   ⚠️  1 records in error state (synced=-1)
   To retry: UPDATE attendance SET synced=0 WHERE synced=-1;
[AutoSync] Next sync in 20 min

--- Professor Authorization Required ---

--- Professor Authorization Required ---
[BackLock] D key DISABLED
[BackLock] D key enabled
[Screensaver] Activated
[Screensaver] Deactivated

======================================================================
  IITDH ATTENDANCE SYSTEM - FULL CLOUD SYNC
======================================================================

📋 Syncing Departments...
  ✗ CS: [Errno -3] Temporary failure in name resolution
  ✗ EE: [Errno -3] Temporary failure in name resolution
  ✗ MC: [Errno -3] Temporary failure in name resolution
  ✗ ME: [Errno -3] Temporary failure in name resolution
  ✗ CH: [Errno -3] Temporary failure in name resolution
  ✗ CE: [Errno -3] Temporary failure in name resolution
✅ Departments: 0/6 synced

📋 Syncing Programs...
  ✗ BT: [Errno -3] Temporary failure in name resolution
  ✗ IS: [Errno -3] Temporary failure in name resolution
  ✗ MT: [Errno -3] Temporary failure in name resolution
✅ Programs: 0/3 synced

👨‍🏫 Syncing Professors...
  ✗ PROF002: [Errno -3] Temporary failure in name resolution
  ✗ P1: [Errno -3] Temporary failure in name resolution
  ✗ PROF005: [Errno -3] Temporary failure in name resolution
  ✗ PROF009: [Errno -3] Temporary failure in name resolution
  ✗ PR003: [Errno -3] Temporary failure in name resolution
  ✗ PROF010: [Errno -3] Temporary failure in name resolution
✅ Professors: 0/6 synced (skipped: 6)

👨‍🎓 Syncing Students...
  ✗ EE23BT002: [Errno -3] Temporary failure in name resolution
  ✗ EE24BT056: [Errno -3] Temporary failure in name resolution
  ✗ MC23BT003: [Errno -3] Temporary failure in name resolution
  ✗ EE27BT002: [Errno -3] Temporary failure in name resolution
  ✗ CH37BT078: [Errno -3] Temporary failure in name resolution
  ✗ ME23IS067: [Errno -3] Temporary failure in name resolution
  ✗ EE25BT100: [Errno -3] Temporary failure in name resolution
  ✗ ME23BT004: [Errno -3] Temporary failure in name resolution
  ✗ EE99BT123: [Errno -3] Temporary failure in name resolution
  ✗ EE27BT033: [Errno -3] Temporary failure in name resolution
  ✗ EE23BT016: [Errno -3] Temporary failure in name resolution
  ✗ EE23BT021: [Errno -3] Temporary failure in name resolution
  ✗ EE23BT052: [Errno -3] Temporary failure in name resolution
✅ Students: 0/13 synced (skipped: 13)

📚 Syncing Courses...
  ✗ EE101: [Errno -3] Temporary failure in name resolution
  ✗ EE201: [Errno -3] Temporary failure in name resolution
  ✗ EE301L: [Errno -3] Temporary failure in name resolution
  ✗ EE106: [Errno -3] Temporary failure in name resolution
✅ Courses: 0/4 synced

📝 Syncing Enrollments...
  ✗ Enrollment 1: [Errno -3] Temporary failure in name resolution
  ✗ Enrollment 2: [Errno -3] Temporary failure in name resolution
  ✗ Enrollment 3: [Errno -3] Temporary failure in name resolution
  ✗ Enrollment 4: [Errno -3] Temporary failure in name resolution
  ✗ Enrollment 5: [Errno -3] Temporary failure in name resolution
  ✗ Enrollment 6: [Errno -3] Temporary failure in name resolution
  ✗ Enrollment 7: [Errno -3] Temporary failure in name resolution
  ✗ Enrollment 8: [Errno -3] Temporary failure in name resolution
  ✗ Enrollment 9: [Errno -3] Temporary failure in name resolution
  ✗ Enrollment 10: [Errno -3] Temporary failure in name resolution
  ✗ Enrollment 11: [Errno -3] Temporary failure in name resolution
  ✗ Enrollment 12: [Errno -3] Temporary failure in name resolution
✅ Enrollments: 0/12 synced (skipped: 12)

📊 Syncing Attendance Records...
📤 Found 1 unsynced records
  ✗ Attendance 34: [Errno -3] Temporary failure in name resolution

✅ Attendance: 0 synced, 0 already existed, 1 failed
   ⚠️  1 records in error state (synced=-1)
   To retry: UPDATE attendance SET synced=0 WHERE synced=-1;

======================================================================
  SYNC COMPLETE
======================================================================

  Attendance synced  : 28
  Attendance pending : 0
  Attendance errors  : 2
💾 Local database connection closed

======================================================================
  ATTENDANCE QUICK SYNC
======================================================================

📊 Syncing Attendance Records...
☁️  All attendance records already synced!
========================================
  IITDH Attendance System Starting...
  Thu  9 Apr 17:47:03 IST 2026
========================================
✅ venv active: /home/bio_user_iitdh/new_env/bin/python3
[ExitHandler] Running — type the keyword to trigger secure exit
✅ I2C Keyboard detected
✅ Hardware ready (attempt 1)
[AutoSync] First sync in 60s...
[AutoSync] Background sync thread started

======================================================================
  IITDH ATTENDANCE SYSTEM - FULL CLOUD SYNC
======================================================================

📋 Syncing Departments...
  ✓ CS: Computer Science
  ✓ EE: Electrical Engineering
  ✓ MC: Math & Computing
  ✓ ME: Mechanical Engineering
  ✓ CH: Chemical Engineering
  ✓ CE: Civil Engineering
✅ Departments: 6/6 synced

📋 Syncing Programs...
  ✓ BT: B.Tech
  ✓ IS: BSMS
  ✓ MT: M.Tech
✅ Programs: 3/3 synced

👨‍🏫 Syncing Professors...
  ✓ PROF002: Soumya Lt | ✓ (768 bytes)
  ✓ P1: SoumyaRT | ✓ (768 bytes)
  ✓ PROF005: Piyush L1 | ✓ (768 bytes)
  ✓ PROF009: Piyush Singh | ✓ (768 bytes)
  ✓ PR003: Power | ✓ (768 bytes)
  ✓ PROF010: Nagveni | ✓ (768 bytes)
✅ Professors: 6/6 synced (skipped: 0)

👨‍🎓 Syncing Students...
  ✓ EE23BT002: Sruthi Rindex (EE/BT) | ✓ (768 bytes)
  ✓ EE24BT056: Piyush Rindex (EE/BT) | ✓ (768 bytes)
  ✓ MC23BT003: SS Ring4L (MC/BT) | ✓ (768 bytes)
  ✓ EE27BT002: Sruthi L4 (EE/BT) | ✓ (768 bytes)
  ✓ CH37BT078: Piyush R2 (CH/BT) | ✓ (768 bytes)
  ✓ ME23IS067: HGJCGG KLFJHFK (ME/IS) | ✓ (768 bytes)
  ✓ EE25BT100: Jyothika Sruthi (EE/BT) | ✓ (2048 bytes)
  ✓ ME23BT004: himank b (ME/BT) | ✓ (768 bytes)
  ✓ EE99BT123: Abhi k (EE/BT) | ✓ (768 bytes)
  ✓ EE27BT033: Hrsh Chh (EE/BT) | ✓ (768 bytes)
  ✓ EE23BT016: Shivam Singh (EE/BT) | ✓ (768 bytes)
  ✓ EE23BT021: Divyaansh D (EE/BT) | ✓ (768 bytes)
  ✓ EE23BT052: Vivek K (EE/BT) | ✓ (768 bytes)
✅ Students: 13/13 synced (skipped: 0)

📚 Syncing Courses...
  ✓ EE101: Introduction To Electonics
  ✓ EE201: Signals And System
  ✓ EE301L: Electronics Design Lab
  ✓ EE106: Check With P
✅ Courses: 4/4 synced

📝 Syncing Enrollments...
✅ Enrollments: 12/12 synced (skipped: 0)

📊 Syncing Attendance Records...
☁️  All attendance records already synced!

======================================================================
  SYNC COMPLETE
======================================================================

  Attendance synced  : 28
  Attendance pending : 0
  Attendance errors  : 2
💾 Local database connection closed
[AutoSync] Running scheduled attendance sync...

======================================================================
  ATTENDANCE QUICK SYNC
======================================================================

📊 Syncing Attendance Records...
☁️  All attendance records already synced!
[AutoSync] Next sync in 20 min

--- Professor Authorization Required ---

======================================================================
  ATTENDANCE QUICK SYNC
======================================================================

📊 Syncing Attendance Records...
☁️  All attendance records already synced!
========================================
  IITDH Attendance System Starting...
  Thu  9 Apr 18:20:21 IST 2026
========================================
✅ venv active: /home/bio_user_iitdh/new_env/bin/python3
[ExitHandler] Running — type the keyword to trigger secure exit
✅ I2C Keyboard detected
✅ Hardware ready (attempt 1)
[AutoSync] First sync in 60s...
[AutoSync] Background sync thread started

======================================================================
  IITDH ATTENDANCE SYSTEM - FULL CLOUD SYNC
======================================================================

📋 Syncing Departments...
  ✓ CS: Computer Science
  ✓ EE: Electrical Engineering
  ✓ MC: Math & Computing
  ✓ ME: Mechanical Engineering
  ✓ CH: Chemical Engineering
  ✓ CE: Civil Engineering
✅ Departments: 6/6 synced

📋 Syncing Programs...
  ✓ BT: B.Tech
  ✓ IS: BSMS
  ✓ MT: M.Tech
✅ Programs: 3/3 synced

👨‍🏫 Syncing Professors...
  ✓ PROF002: Soumya Lt | ✓ (768 bytes)
  ✓ P1: SoumyaRT | ✓ (768 bytes)
  ✓ PROF005: Piyush L1 | ✓ (768 bytes)
  ✓ PROF009: Piyush Singh | ✓ (768 bytes)
  ✓ PR003: Power | ✓ (768 bytes)
  ✓ PROF010: Nagveni | ✓ (768 bytes)
✅ Professors: 6/6 synced (skipped: 0)

👨‍🎓 Syncing Students...
  ✓ EE23BT002: Sruthi Rindex (EE/BT) | ✓ (768 bytes)
  ✓ EE24BT056: Piyush Rindex (EE/BT) | ✓ (768 bytes)
  ✓ MC23BT003: SS Ring4L (MC/BT) | ✓ (768 bytes)
  ✓ EE27BT002: Sruthi L4 (EE/BT) | ✓ (768 bytes)
  ✓ CH37BT078: Piyush R2 (CH/BT) | ✓ (768 bytes)
  ✓ ME23IS067: HGJCGG KLFJHFK (ME/IS) | ✓ (768 bytes)
  ✓ EE25BT100: Jyothika Sruthi (EE/BT) | ✓ (2048 bytes)
  ✓ ME23BT004: himank b (ME/BT) | ✓ (768 bytes)
  ✓ EE99BT123: Abhi k (EE/BT) | ✓ (768 bytes)
  ✓ EE27BT033: Hrsh Chh (EE/BT) | ✓ (768 bytes)
  ✓ EE23BT016: Shivam Singh (EE/BT) | ✓ (768 bytes)
  ✓ EE23BT021: Divyaansh D (EE/BT) | ✓ (768 bytes)
  ✓ EE23BT052: Vivek K (EE/BT) | ✓ (768 bytes)
✅ Students: 13/13 synced (skipped: 0)

📚 Syncing Courses...
  ✓ EE101: Introduction To Electonics
  ✓ EE201: Signals And System
  ✓ EE301L: Electronics Design Lab
  ✓ EE106: Check With P
✅ Courses: 4/4 synced

📝 Syncing Enrollments...
✅ Enrollments: 12/12 synced (skipped: 0)

📊 Syncing Attendance Records...
☁️  All attendance records already synced!

======================================================================
  SYNC COMPLETE
======================================================================

  Attendance synced  : 28
  Attendance pending : 0
  Attendance errors  : 2
💾 Local database connection closed

======================================================================
  ATTENDANCE QUICK SYNC
======================================================================

📊 Syncing Attendance Records...
☁️  All attendance records already synced!
========================================
  IITDH Attendance System Starting...
  Thu  9 Apr 22:42:07 IST 2026
========================================
✅ venv active: /home/bio_user_iitdh/new_env/bin/python3
[ExitHandler] Running — type the keyword to trigger secure exit
✅ I2C Keyboard detected
✅ Hardware ready (attempt 1)
[AutoSync] First sync in 60s...
[AutoSync] Background sync thread started
[Screensaver] Activated
[AutoSync] Running scheduled attendance sync...

======================================================================
  ATTENDANCE QUICK SYNC
======================================================================

📊 Syncing Attendance Records...
☁️  All attendance records already synced!
[AutoSync] Next sync in 20 min
[Screensaver] Deactivated

======================================================================
  IITDH ATTENDANCE SYSTEM - FULL CLOUD SYNC
======================================================================

📋 Syncing Departments...
  ✓ CS: Computer Science
  ✓ EE: Electrical Engineering
  ✓ MC: Math & Computing
  ✓ ME: Mechanical Engineering
  ✓ CH: Chemical Engineering
  ✓ CE: Civil Engineering
✅ Departments: 6/6 synced

📋 Syncing Programs...
  ✓ BT: B.Tech
  ✓ IS: BSMS
  ✓ MT: M.Tech
✅ Programs: 3/3 synced

👨‍🏫 Syncing Professors...
  ✓ PROF002: Soumya Lt | ✓ (768 bytes)
  ✓ P1: SoumyaRT | ✓ (768 bytes)
  ✓ PROF005: Piyush L1 | ✓ (768 bytes)
  ✓ PROF009: Piyush Singh | ✓ (768 bytes)
  ✓ PR003: Power | ✓ (768 bytes)
  ✓ PROF010: Nagveni | ✓ (768 bytes)
✅ Professors: 6/6 synced (skipped: 0)

👨‍🎓 Syncing Students...
  ✓ EE23BT002: Sruthi Rindex (EE/BT) | ✓ (768 bytes)
  ✓ EE24BT056: Piyush Rindex (EE/BT) | ✓ (768 bytes)
  ✓ MC23BT003: SS Ring4L (MC/BT) | ✓ (768 bytes)
  ✓ EE27BT002: Sruthi L4 (EE/BT) | ✓ (768 bytes)
  ✓ CH37BT078: Piyush R2 (CH/BT) | ✓ (768 bytes)
  ✓ ME23IS067: HGJCGG KLFJHFK (ME/IS) | ✓ (768 bytes)
  ✓ EE25BT100: Jyothika Sruthi (EE/BT) | ✓ (2048 bytes)
  ✓ ME23BT004: himank b (ME/BT) | ✓ (768 bytes)
  ✓ EE99BT123: Abhi k (EE/BT) | ✓ (768 bytes)
  ✓ EE27BT033: Hrsh Chh (EE/BT) | ✓ (768 bytes)
  ✓ EE23BT016: Shivam Singh (EE/BT) | ✓ (768 bytes)
  ✓ EE23BT021: Divyaansh D (EE/BT) | ✓ (768 bytes)
  ✓ EE23BT052: Vivek K (EE/BT) | ✓ (768 bytes)
✅ Students: 13/13 synced (skipped: 0)

📚 Syncing Courses...
  ✓ EE101: Introduction To Electonics
  ✓ EE201: Signals And System
  ✓ EE301L: Electronics Design Lab
  ✓ EE106: Check With P
✅ Courses: 4/4 synced

📝 Syncing Enrollments...
✅ Enrollments: 12/12 synced (skipped: 0)

📊 Syncing Attendance Records...
☁️  All attendance records already synced!

======================================================================
  SYNC COMPLETE
======================================================================

  Attendance synced  : 28
  Attendance pending : 0
  Attendance errors  : 2
💾 Local database connection closed

======================================================================
  ATTENDANCE QUICK SYNC
======================================================================

📊 Syncing Attendance Records...
☁️  All attendance records already synced!
========================================
  IITDH Attendance System Starting...
  Fri 10 Apr 09:52:44 IST 2026
========================================
✅ venv active: /home/bio_user_iitdh/new_env/bin/python3
[ExitHandler] Running — type the keyword to trigger secure exit
✅ I2C Keyboard detected
✅ Hardware ready (attempt 1)
[AutoSync] First sync in 60s...
[AutoSync] Background sync thread started

--- Professor Authorization Required ---
[BackLock] D key DISABLED
[BackLock] D key enabled
[AutoSync] Running scheduled attendance sync...

======================================================================
  ATTENDANCE QUICK SYNC
======================================================================

📊 Syncing Attendance Records...
📤 Found 2 unsynced records
  ✓ 35: EE24BT056 | EE301L | 2026-04-10
  ✓ 36: MC23BT003 | EE301L | 2026-04-10

✅ Attendance: 2 synced, 0 already existed, 0 failed
[AutoSync] Next sync in 20 min

--- Professor Authorization Required ---

======================================================================
  IITDH ATTENDANCE SYSTEM - FULL CLOUD SYNC
======================================================================

📋 Syncing Departments...
  ✓ CS: Computer Science
  ✓ EE: Electrical Engineering
  ✓ MC: Math & Computing
  ✓ ME: Mechanical Engineering
  ✓ CH: Chemical Engineering
  ✓ CE: Civil Engineering
✅ Departments: 6/6 synced

📋 Syncing Programs...
  ✓ BT: B.Tech
  ✓ IS: BSMS
  ✓ MT: M.Tech
✅ Programs: 3/3 synced

👨‍🏫 Syncing Professors...
  ✓ PROF002: Soumya Lt | ✓ (768 bytes)
  ✓ P1: SoumyaRT | ✓ (768 bytes)
  ✓ PROF005: Piyush L1 | ✓ (768 bytes)
  ✓ PROF009: Piyush Singh | ✓ (768 bytes)
  ✓ PR003: Power | ✓ (768 bytes)
  ✓ PROF010: Nagveni | ✓ (768 bytes)
✅ Professors: 6/6 synced (skipped: 0)

👨‍🎓 Syncing Students...
  ✓ EE23BT002: Sruthi Rindex (EE/BT) | ✓ (768 bytes)
  ✓ EE24BT056: Piyush Rindex (EE/BT) | ✓ (768 bytes)
  ✓ MC23BT003: SS Ring4L (MC/BT) | ✓ (768 bytes)
  ✓ EE27BT002: Sruthi L4 (EE/BT) | ✓ (768 bytes)
  ✓ CH37BT078: Piyush R2 (CH/BT) | ✓ (768 bytes)
  ✓ ME23IS067: HGJCGG KLFJHFK (ME/IS) | ✓ (768 bytes)
  ✓ EE25BT100: Jyothika Sruthi (EE/BT) | ✓ (2048 bytes)
  ✓ ME23BT004: himank b (ME/BT) | ✓ (768 bytes)
  ✓ EE99BT123: Abhi k (EE/BT) | ✓ (768 bytes)
  ✓ EE27BT033: Hrsh Chh (EE/BT) | ✓ (768 bytes)
  ✓ EE23BT016: Shivam Singh (EE/BT) | ✓ (768 bytes)
  ✓ EE23BT021: Divyaansh D (EE/BT) | ✓ (768 bytes)
  ✓ EE23BT052: Vivek K (EE/BT) | ✓ (768 bytes)
✅ Students: 13/13 synced (skipped: 0)

📚 Syncing Courses...
  ✓ EE101: Introduction To Electonics
  ✓ EE201: Signals And System
  ✓ EE301L: Electronics Design Lab
  ✓ EE106: Check With P
✅ Courses: 4/4 synced

📝 Syncing Enrollments...
✅ Enrollments: 12/12 synced (skipped: 0)

📊 Syncing Attendance Records...
☁️  All attendance records already synced!

======================================================================
  SYNC COMPLETE
======================================================================

  Attendance synced  : 30
  Attendance pending : 0
  Attendance errors  : 2
💾 Local database connection closed
[Screensaver] Activated
[Screensaver] Deactivated

======================================================================
  ATTENDANCE QUICK SYNC
======================================================================

📊 Syncing Attendance Records...
☁️  All attendance records already synced!
========================================
  IITDH Attendance System Starting...
  Fri 10 Apr 12:11:06 IST 2026
========================================
✅ venv active: /home/bio_user_iitdh/new_env/bin/python3
========================================
  IITDH Attendance System Starting...
  Fri 10 Apr 12:56:24 IST 2026
========================================
✅ venv active: /home/bio_user_iitdh/new_env/bin/python3
[ExitHandler] Running — type the keyword to trigger secure exit
✅ I2C Keyboard detected
✅ Hardware ready (attempt 1)
[BootSync] Waiting 60s for hardware to settle...
[BootSync] Boot sync thread started
[WiFiWatcher] Started — monitoring WiFi for pending sync
[WiFiWatcher] WiFi watcher thread started

--- Professor Authorization Required ---
[BackLock] D key DISABLED
[BackLock] D key enabled
[Shutdown] WiFi down — pre-shutdown sync skipped
⚠️  Exited with code: 0  (Fri 10 Apr 12:57:26 IST 2026)
========================================
  IITDH Attendance System Starting...
  Fri 10 Apr 12:59:01 IST 2026
========================================
✅ venv active: /home/bio_user_iitdh/new_env/bin/python3
[ExitHandler] Running — type the keyword to trigger secure exit
✅ I2C Keyboard detected
✅ Hardware ready (attempt 1)
[BootSync] Waiting 60s for hardware to settle...
[BootSync] Boot sync thread started
[WiFiWatcher] Started — monitoring WiFi for pending sync
[WiFiWatcher] WiFi watcher thread started
[Sync] Reset any synced=-1 records → 0 for retry

======================================================================
  ATTENDANCE QUICK SYNC
======================================================================

📊 Syncing Attendance Records...
📤 Found 3 unsynced records
  ✓ 33: EE23BT002 | EE301L | 2026-04-09
  ✓ 34: EE23BT052 | EE301L | 2026-04-09
  ✓ 37: EE24BT056 | EE301L | 2026-04-10

✅ Attendance: 3 synced, 0 already existed, 0 failed
[Shutdown] Pre-shutdown sync complete
========================================
  IITDH Attendance System Starting...
  Fri 10 Apr 13:15:58 IST 2026
========================================
⏳ Waiting 10s for hardware to settle...
✅ venv active: /home/bio_user_iitdh/new_env/bin/python3
[ExitHandler] Running — type the keyword to trigger secure exit
✅ I2C Keyboard detected
✅ Hardware ready (attempt 1)
[BootSync] Waiting 60s for hardware to settle...
[BootSync] Boot sync thread started
[WiFiWatcher] Started — monitoring WiFi for pending sync
[WiFiWatcher] WiFi watcher thread started
[Sync] Reset any synced=-1 records → 0 for retry

======================================================================
  ATTENDANCE QUICK SYNC
======================================================================

📊 Syncing Attendance Records...
☁️  All attendance records already synced!
[Shutdown] Pre-shutdown sync complete
========================================
  IITDH Attendance System Starting...
  Fri 10 Apr 13:18:01 IST 2026
========================================
⏳ Waiting 10s for hardware to settle...
✅ venv active: /home/bio_user_iitdh/new_env/bin/python3
[ExitHandler] Running — type the keyword to trigger secure exit
✅ I2C Keyboard detected
✅ Hardware ready (attempt 1)
[BootSync] Waiting 60s for hardware to settle...
[BootSync] Boot sync thread started
[WiFiWatcher] Started — monitoring WiFi for pending sync
[WiFiWatcher] WiFi watcher thread started
[Screensaver] Activated
[BootSync] Attempt 1 — checking WiFi...
[BootSync] WiFi up — running boot sync
[Sync] Reset any synced=-1 records → 0 for retry

======================================================================
  ATTENDANCE QUICK SYNC
======================================================================

📊 Syncing Attendance Records...
☁️  All attendance records already synced!
[BootSync] Boot sync complete
[Screensaver] Deactivated

--- Professor Authorization Required ---
[BackLock] D key DISABLED
[BackLock] D key enabled
[Shutdown] WiFi down — pre-shutdown sync skipped
========================================
  IITDH Attendance System Starting...
  Fri 10 Apr 13:21:23 IST 2026
========================================
⏳ Waiting 10s for hardware to settle...
✅ venv active: /home/bio_user_iitdh/new_env/bin/python3
[ExitHandler] Running — type the keyword to trigger secure exit
✅ I2C Keyboard detected
✅ Hardware ready (attempt 1)
[BootSync] Waiting 60s for hardware to settle...
[BootSync] Boot sync thread started
[WiFiWatcher] Started — monitoring WiFi for pending sync
[WiFiWatcher] WiFi watcher thread started
[Sync] Reset any synced=-1 records → 0 for retry

======================================================================
  IITDH ATTENDANCE SYSTEM - FULL CLOUD SYNC
======================================================================

📋 Syncing Departments...
  ✓ CS: Computer Science
  ✓ EE: Electrical Engineering
  ✓ MC: Math & Computing
  ✓ ME: Mechanical Engineering
  ✓ CH: Chemical Engineering
  ✓ CE: Civil Engineering
✅ Departments: 6/6 synced

📋 Syncing Programs...
  ✓ BT: B.Tech
  ✓ IS: BSMS
  ✓ MT: M.Tech
✅ Programs: 3/3 synced

👨‍🏫 Syncing Professors...
  ✓ PROF002: Soumya Lt | ✓ (768 bytes)
  ✓ P1: SoumyaRT | ✓ (768 bytes)
  ✓ PROF005: Piyush L1 | ✓ (768 bytes)
  ✓ PROF009: Piyush Singh | ✓ (768 bytes)
  ✓ PR003: Power | ✓ (768 bytes)
  ✓ PROF010: Nagveni | ✓ (768 bytes)
✅ Professors: 6/6 synced (skipped: 0)

👨‍🎓 Syncing Students...
  ✓ EE23BT002: Sruthi Rindex (EE/BT) | ✓ (768 bytes)
  ✓ EE24BT056: Piyush Rindex (EE/BT) | ✓ (768 bytes)
  ✓ MC23BT003: SS Ring4L (MC/BT) | ✓ (768 bytes)
  ✓ EE27BT002: Sruthi L4 (EE/BT) | ✓ (768 bytes)
  ✓ CH37BT078: Piyush R2 (CH/BT) | ✓ (768 bytes)
  ✓ ME23IS067: HGJCGG KLFJHFK (ME/IS) | ✓ (768 bytes)
  ✓ EE25BT100: Jyothika Sruthi (EE/BT) | ✓ (2048 bytes)
  ✓ ME23BT004: himank b (ME/BT) | ✓ (768 bytes)
  ✓ EE99BT123: Abhi k (EE/BT) | ✓ (768 bytes)
  ✓ EE27BT033: Hrsh Chh (EE/BT) | ✓ (768 bytes)
  ✓ EE23BT016: Shivam Singh (EE/BT) | ✓ (768 bytes)
  ✓ EE23BT021: Divyaansh D (EE/BT) | ✓ (768 bytes)
  ✓ EE23BT052: Vivek K (EE/BT) | ✓ (768 bytes)
✅ Students: 13/13 synced (skipped: 0)

📚 Syncing Courses...
  ✓ EE101: Introduction To Electonics
  ✓ EE201: Signals And System
  ✓ EE301L: Electronics Design Lab
  ✓ EE106: Check With P
✅ Courses: 4/4 synced

📝 Syncing Enrollments...
✅ Enrollments: 12/12 synced (skipped: 0)

📊 Syncing Attendance Records...
📤 Found 2 unsynced records
  ✓ 38: EE24BT056 | EE101 | 2026-04-10
  ✓ 39: MC23BT003 | EE101 | 2026-04-10

✅ Attendance: 2 synced, 0 already existed, 0 failed

======================================================================
  SYNC COMPLETE
======================================================================

  Attendance synced  : 35
  Attendance pending : 0
  Attendance errors  : 0
💾 Local database connection closed
[BootSync] Attempt 1 — checking WiFi...
[BootSync] WiFi up — running boot sync
[Sync] Reset any synced=-1 records → 0 for retry

======================================================================
  ATTENDANCE QUICK SYNC
======================================================================

📊 Syncing Attendance Records...
☁️  All attendance records already synced!
[BootSync] Boot sync complete
[Sync] Reset any synced=-1 records → 0 for retry

======================================================================
  ATTENDANCE QUICK SYNC
======================================================================

📊 Syncing Attendance Records...
☁️  All attendance records already synced!
[Shutdown] Pre-shutdown sync complete
========================================
  IITDH Attendance System Starting...
  Sun 12 Apr 02:16:13 IST 2026
========================================
⏳ Waiting 10s for hardware to settle...
✅ venv active: /home/bio_user_iitdh/new_env/bin/python3
[ExitHandler] Running — type the keyword to trigger secure exit
✅ I2C Keyboard detected
✅ Hardware ready (attempt 1)
[BootSync] Waiting 60s for hardware to settle...
[BootSync] Boot sync thread started
[WiFiWatcher] Started — monitoring WiFi for pending sync
[WiFiWatcher] WiFi watcher thread started
[Screensaver] Activated
[BootSync] Attempt 1 — checking WiFi...
[BootSync] WiFi up — running boot sync
[Sync] Reset any synced=-1 records → 0 for retry

======================================================================
  ATTENDANCE QUICK SYNC
======================================================================

📊 Syncing Attendance Records...
☁️  All attendance records already synced!
[BootSync] Boot sync complete
[Screensaver] Deactivated
[Sync] Reset any synced=-1 records → 0 for retry

======================================================================
  ATTENDANCE QUICK SYNC
======================================================================

📊 Syncing Attendance Records...
☁️  All attendance records already synced!
[Shutdown] Pre-shutdown sync complete
========================================
  IITDH Attendance System Starting...
  Sun 12 Apr 14:52:03 IST 2026
========================================
⏳ Waiting 10s for hardware to settle...
✅ venv active: /home/bio_user_iitdh/new_env/bin/python3
[ExitHandler] Running — type the keyword to trigger secure exit
✅ I2C Keyboard detected
✅ Hardware ready (attempt 1)
[BootSync] Waiting 60s for hardware to settle...
[BootSync] Boot sync thread started
[WiFiWatcher] Started — monitoring WiFi for pending sync
[WiFiWatcher] WiFi watcher thread started
[Screensaver] Activated
[BootSync] Attempt 1 — checking WiFi...
[BootSync] WiFi up — running boot sync
[Sync] Reset any synced=-1 records → 0 for retry

======================================================================
  ATTENDANCE QUICK SYNC
======================================================================

📊 Syncing Attendance Records...
☁️  All attendance records already synced!
[BootSync] Boot sync complete
[Screensaver] Deactivated
[Sync] Reset any synced=-1 records → 0 for retry

======================================================================
  ATTENDANCE QUICK SYNC
======================================================================

📊 Syncing Attendance Records...
☁️  All attendance records already synced!
[Shutdown] Pre-shutdown sync complete
========================================
  IITDH Attendance System Starting...
  Sun 12 Apr 14:54:45 IST 2026
========================================
⏳ Waiting 10s for hardware to settle...
✅ venv active: /home/bio_user_iitdh/new_env/bin/python3
========================================
  IITDH Attendance System Starting...
  Sun 12 Apr 15:05:31 IST 2026
========================================
⏳ Waiting 10s for hardware to settle...
✅ venv active: /home/bio_user_iitdh/new_env/bin/python3
========================================
  IITDH Attendance System Starting...
  Sun 12 Apr 15:11:56 IST 2026
========================================
⏳ Waiting 10s for hardware to settle...
✅ venv active: /home/bio_user_iitdh/new_env/bin/python3
========================================
  IITDH Attendance System Starting...
  Sun 12 Apr 15:14:55 IST 2026
========================================
⏳ Waiting 10s for hardware to settle...
✅ venv active: /home/bio_user_iitdh/new_env/bin/python3
[ExitHandler] Running — type the keyword to trigger secure exit
✅ I2C Keyboard detected
✅ Hardware ready (attempt 1)
[BootSync] Waiting 60s for hardware to settle...
[BootSync] Thread started
[WiFiWatcher] Started
[WiFiWatcher] Thread started
[Sync] Reset synced=-1 records → 0 for retry

======================================================================
  ATTENDANCE QUICK SYNC
======================================================================

📊 Syncing Attendance Records...
☁️  All attendance records already synced!
[Shutdown] Pre-shutdown sync complete
========================================
  IITDH Attendance System Starting...
  Sun 12 Apr 15:16:43 IST 2026
========================================
⏳ Waiting 10s for hardware to settle...
✅ venv active: /home/bio_user_iitdh/new_env/bin/python3
========================================
  IITDH Attendance System Starting...
  Sun 12 Apr 15:19:04 IST 2026
========================================
⏳ Waiting 10s for hardware to settle...
✅ venv active: /home/bio_user_iitdh/new_env/bin/python3
========================================
  IITDH Attendance System Starting...
  Sun 12 Apr 15:46:43 IST 2026
========================================
⏳ Waiting 10s for hardware to settle...
✅ venv active: /home/bio_user_iitdh/new_env/bin/python3
========================================
  IITDH Attendance System Starting...
  Sun 12 Apr 15:56:02 IST 2026
========================================
⏳ Waiting 10s for hardware to settle...
✅ venv active: /home/bio_user_iitdh/new_env/bin/python3
========================================
  IITDH Attendance System Starting...
  Sun 12 Apr 15:56:15 IST 2026
========================================
⏳ Waiting 10s for hardware to settle...
✅ venv active: /home/bio_user_iitdh/new_env/bin/python3
[ExitHandler] Running — type the keyword to trigger secure exit
✅ I2C Keyboard detected
✅ Hardware ready (attempt 1)
[BootSync] Waiting 60s for hardware to settle...
[BootSync] Thread started
[WiFiWatcher] Started
[WiFiWatcher] Thread started
[Screensaver] Activated
[BootSync] Attempt 1...
[BootSync] WiFi up — starting background sync
[Sync] Reset synced=-1 records → 0 for retry

======================================================================
  ATTENDANCE QUICK SYNC [silent]
======================================================================

📊 Syncing Attendance Records...
☁️  All attendance records already synced!
[BootSync] Sync complete ✓
[BootSync] Done — thread exiting
[Screensaver] Deactivated
[Sync] Reset synced=-1 records → 0 for retry

======================================================================
  ATTENDANCE QUICK SYNC
======================================================================

📊 Syncing Attendance Records...
☁️  All attendance records already synced!
[Shutdown] Pre-shutdown sync complete
========================================
  IITDH Attendance System Starting...
  Sun 12 Apr 16:03:04 IST 2026
========================================
⏳ Waiting 10s for hardware to settle...
✅ venv active: /home/bio_user_iitdh/new_env/bin/python3
========================================
  IITDH Attendance System Starting...
  Sun 12 Apr 16:24:43 IST 2026
========================================
⏳ Waiting 10s for hardware to settle...
✅ venv active: /home/bio_user_iitdh/new_env/bin/python3
[ExitHandler] Running — type the keyword to trigger secure exit
✅ I2C Keyboard detected
✅ Hardware ready (attempt 1)
[BootSync] Waiting 60s for hardware to settle...
[BootSync] Thread started
[WiFiWatcher] Started
[WiFiWatcher] Thread started
[Sync] Reset synced=-1 records → 0 for retry

======================================================================
  ATTENDANCE QUICK SYNC
======================================================================

📊 Syncing Attendance Records...
☁️  All attendance records already synced!
[Shutdown] Pre-shutdown sync complete
========================================
  IITDH Attendance System Starting...
  Sun 12 Apr 16:26:13 IST 2026
========================================
⏳ Waiting 10s for hardware to settle...
✅ venv active: /home/bio_user_iitdh/new_env/bin/python3
[ExitHandler] Running — type the keyword to trigger secure exit
✅ I2C Keyboard detected
✅ Hardware ready (attempt 1)
[BootSync] Waiting 60s for hardware to settle...
[BootSync] Thread started
[WiFiWatcher] Started
[WiFiWatcher] Thread started
[Sync] Reset synced=-1 records → 0 for retry

======================================================================
  ATTENDANCE QUICK SYNC
======================================================================

📊 Syncing Attendance Records...
☁️  All attendance records already synced!
[Shutdown] Pre-shutdown sync complete
========================================
  IITDH Attendance System Starting...
  Sun 12 Apr 16:27:17 IST 2026
========================================
⏳ Waiting 10s for hardware to settle...
✅ venv active: /home/bio_user_iitdh/new_env/bin/python3
[ExitHandler] Running — type the keyword to trigger secure exit
✅ I2C Keyboard detected
✅ Hardware ready (attempt 1)
[BootSync] Waiting 60s for hardware to settle...
[BootSync] Thread started
[WiFiWatcher] Started
[WiFiWatcher] Thread started
[Screensaver] Activated
[BootSync] Attempt 1...
[BootSync] WiFi up — starting background sync
[Sync] Reset synced=-1 records → 0 for retry
[BootSync] Step 1/2 — pushing attendance records

======================================================================
  ATTENDANCE QUICK SYNC [silent]
======================================================================

📊 Syncing Attendance Records...
☁️  All attendance records already synced!
[BootSync] Step 1/2 done ✓
[BootSync] Step 2/2 — pulling latest data from cloud

======================================================================
  IITDH ATTENDANCE SYSTEM - CLOUD PULL (Full) [silent]
======================================================================

🔧 Checking & migrating fingerprint templates...
  ✅ All 19 templates OK — no migration needed

📋 Pulling Departments...
✅ Departments: 6 pulled

📋 Pulling Programs...
✅ Programs: 3 pulled

👨‍🏫 Pulling Professors...
  ✓ P1: SoumyaRT | kept local (768 bytes)
  ✓ PROF002: Soumya Lt | kept local (768 bytes)
  ✓ PROF005: Piyush L1 | kept local (768 bytes)
  ✓ PROF009: Piyush Singh | kept local (768 bytes)
  ✓ PR003: Power | kept local (768 bytes)
  ✓ PROF010: Nagveni | kept local (768 bytes)
✅ Professors: 6/6 pulled

👨‍🎓 Pulling Students...
  ✓ MC23BT003: SS Ring4L | pwd:cloud | tmpl:local (768B)
  ✓ ME23IS067: HGJCGG KLFJHFK | pwd:cloud | tmpl:local (768B)
  ✓ EE25BT100: Jyothika Sruthi | pwd:cloud | tmpl:local (2048B)
  ✓ EE27BT002: Sruthi L4 | pwd:cloud | tmpl:local (768B)
  ✓ ME23BT004: himank b | pwd:cloud | tmpl:local (768B)
  ✓ EE99BT123: Abhi k | pwd:cloud | tmpl:local (768B)
  ✓ EE27BT033: Hrsh Chh | pwd:cloud | tmpl:local (768B)
  ✓ EE23BT016: Shivam Singh | pwd:cloud | tmpl:local (768B)
  ✓ EE23BT021: Divyaansh D | pwd:cloud | tmpl:local (768B)
  ✓ EE23BT052: Vivek K | pwd:cloud | tmpl:local (768B)
  ✓ CH37BT078: Piyush R2 | pwd:cloud | tmpl:local (768B)
  ✓ EE24BT056: Piyush Rindex | pwd:cloud | tmpl:local (768B)
  ✓ EE23BT002: Sruthi Rindex | pwd:cloud | tmpl:local (768B)
✅ Students: 13/13 pulled (0 no template, 0 no password)

📚 Pulling Courses...
✅ Courses: 4 pulled

📝 Pulling Enrollments...
✅ Enrollments: 20 pulled

📊 Local DB State After Pull:
  Departments                    6 rows
  Programs                       3 rows
  Professors                     6 rows
  Students                      13 rows
  Courses                        4 rows
  Enrollments                   20 rows
  Attendance (local)            37 rows

  Template storage (must show 'blob'):
    students.EE23BT002            ✓ blob (768 bytes)
    students.EE24BT056            ✓ blob (768 bytes)
    students.MC23BT003            ✓ blob (768 bytes)
    students.EE27BT002            ✓ blob (768 bytes)
    students.CH37BT078            ✓ blob (768 bytes)
    students.ME23IS067            ✓ blob (768 bytes)
    students.EE25BT100            ✓ blob (2048 bytes)
    students.ME23BT004            ✓ blob (768 bytes)
    students.EE99BT123            ✓ blob (768 bytes)
    students.EE27BT033            ✓ blob (768 bytes)
    students.EE23BT016            ✓ blob (768 bytes)
    students.EE23BT021            ✓ blob (768 bytes)
    students.EE23BT052            ✓ blob (768 bytes)
    profs.PROF002              ✓ blob (768 bytes)
    profs.P1                   ✓ blob (768 bytes)
    profs.PROF005              ✓ blob (768 bytes)
    profs.PROF009              ✓ blob (768 bytes)
    profs.PR003                ✓ blob (768 bytes)
    profs.PROF010              ✓ blob (768 bytes)

  Attendance pending sync: 0

======================================================================
  PULL COMPLETE
======================================================================

✅ Local DB is up to date. Ready for attendance.

✅ WAL checkpoint complete — DB Browser can now see changes
💾 Local database connection closed
[BootSync] Step 2/2 done ✓  — sync complete
[BootSync] Done — thread exiting
[Screensaver] Deactivated

--- Professor Authorization Required ---
[BackLock] D key DISABLED
[BackLock] D key enabled
[Sync] Reset synced=-1 records → 0 for retry

======================================================================
  ATTENDANCE QUICK SYNC
======================================================================

📊 Syncing Attendance Records...
📤 Found 1 unsynced records
  ✓ 42: EE24BT056 | EE301L | 2026-04-12

✅ Attendance: 1 synced, 0 already existed, 0 failed
[Shutdown] Pre-shutdown sync complete
========================================
  IITDH Attendance System Starting...
  Sun 12 Apr 16:30:32 IST 2026
========================================
⏳ Waiting 10s for hardware to settle...
✅ venv active: /home/bio_user_iitdh/new_env/bin/python3
========================================
  IITDH Attendance System Starting...
  Sun 12 Apr 16:48:15 IST 2026
========================================
⏳ Waiting 10s for hardware to settle...
✅ venv active: /home/bio_user_iitdh/new_env/bin/python3
Traceback (most recent call last):
  File "/home/bio_user_iitdh/new_env/modules/cloud_pull.py", line 527, in run_full_pull
    pull_enrollments(supabase, cursor, conn)
    ~~~~~~~~~~~~~~~~^^^^^^^^^^^^^^^^^^^^^^^^
  File "/home/bio_user_iitdh/new_env/modules/cloud_pull.py", line 428, in pull_enrollments
    cursor.executemany("""
    ~~~~~~~~~~~~~~~~~~^^^^
        INSERT INTO course_enrollments
        ^^^^^^^^^^^^^^^^^^^^^^^^^^^^^^
    ...<7 lines>...
            status        = excluded.status
            ^^^^^^^^^^^^^^^^^^^^^^^^^^^^^^^
    """, rows)
    ^^^^^^^^^^
sqlite3.IntegrityError: UNIQUE constraint failed: course_enrollments.student_id, course_enrollments.course_code
